../Core/Src/main.c:75:6:UART_SendString	16	static
../Core/Src/main.c:85:5:main	112	static
../Core/Src/main.c:215:6:SystemClock_Config	88	static
../Core/Src/main.c:261:13:MX_ADC1_Init	24	static
../Core/Src/main.c:317:13:MX_I2C1_Init	8	static
../Core/Src/main.c:351:13:MX_TIM1_Init	80	static
../Core/Src/main.c:424:13:MX_USART2_UART_Init	8	static
../Core/Src/main.c:455:13:MX_DMA_Init	16	static
../Core/Src/main.c:473:13:MX_GPIO_Init	40	static
../Core/Src/main.c:520:6:Error_Handler	4	static,ignoring_inline_asm
