../Core/Src/stm32f1xx_it.c:69:6:NMI_Handler	4	static
../Core/Src/stm32f1xx_it.c:84:6:HardFault_Handler	4	static
../Core/Src/stm32f1xx_it.c:99:6:MemManage_Handler	4	static
../Core/Src/stm32f1xx_it.c:114:6:BusFault_Handler	4	static
../Core/Src/stm32f1xx_it.c:129:6:UsageFault_Handler	4	static
../Core/Src/stm32f1xx_it.c:144:6:SVC_Handler	4	static
../Core/Src/stm32f1xx_it.c:157:6:DebugMon_Handler	4	static
../Core/Src/stm32f1xx_it.c:170:6:PendSV_Handler	4	static
../Core/Src/stm32f1xx_it.c:183:6:SysTick_Handler	8	static
../Core/Src/stm32f1xx_it.c:204:6:EXTI0_IRQHandler	8	static
../Core/Src/stm32f1xx_it.c:218:6:EXTI1_IRQHandler	8	static
../Core/Src/stm32f1xx_it.c:232:6:DMA1_Channel1_IRQHandler	8	static
../Core/Src/stm32f1xx_it.c:246:6:HAL_ADC_ConvCpltCallback	16	static
../Core/Src/stm32f1xx_it.c:253:6:HAL_GPIO_EXTI_Callback	16	static
../Core/Src/stm32f1xx_it.c:267:6:HandlePin0Interrupt	16	static
../Core/Src/stm32f1xx_it.c:289:6:HandlePin1Interrupt	16	static
